#
# An unexpected error has occurred (6) Aborted
#
Stack:
/lib/x86_64-linux-gnu/libc.so.6(+0x45330) [0x7bf30c245330]
/lib/x86_64-linux-gnu/libc.so.6(pthread_kill+0x11c) [0x7bf30c29ec0c]
/lib/x86_64-linux-gnu/libc.so.6(gsignal+0x1e) [0x7bf30c24527e]
/lib/x86_64-linux-gnu/libc.so.6(abort+0xdf) [0x7bf30c2288ff]
/tools/2025.2/Vivado/lib/lnx64.o/Ubuntu/24/libstdc++.so.6(+0xa5ff5) [0x7bf30caa5ff5]
/tools/2025.2/Vivado/lib/lnx64.o/Ubuntu/24/libstdc++.so.6(+0xbb0da) [0x7bf30cabb0da]
/tools/2025.2/Vivado/lib/lnx64.o/Ubuntu/24/libstdc++.so.6(_ZSt10unexpectedv+0) [0x7bf30caa5a55]
/tools/2025.2/Vivado/lib/lnx64.o/libxv_common.so(hdi::tcltasks::detail::collection_wrapper_base::~collection_wrapper_base()+0x27f) [0x7bf3179ff6f5]
/tools/2025.2/Vivado/lib/lnx64.o/libxv_common.so(+0x7118d5) [0x7bf317b118d5]
/tools/2025.2/Vivado/lib/lnx64.o/libxv_common.so(hdi::tcltasks::detail::collection_wrapper_base::decr_ref() const+0x27) [0x7bf3179fc7db]
/tools/2025.2/Vivado/lib/lnx64.o/libxv_tcltasks.so(+0x1109c78) [0x7bf306109c78]
/tools/2025.2/Vivado/lib/lnx64.o/libxv_tcltasks.so(+0x1104212) [0x7bf306104212]
/tools/2025.2/Vivado/lib/lnx64.o/libxv_tcltasks.so(+0x1104261) [0x7bf306104261]
/tools/2025.2/Vivado/lib/lnx64.o/libboost_program_options.so.1.72.0(boost::program_options::option_description::~option_description()+0xd1) [0x7bf317337be1]
/tools/2025.2/Vivado/lib/lnx64.o/libboost_program_options.so.1.72.0(boost::program_options::option_description::~option_description()+0x11) [0x7bf317337c31]
/tools/2025.2/Vivado/lib/lnx64.o/libxv_common.so(boost::detail::sp_counted_impl_p<boost::program_options::option_description>::dispose()+0x13) [0x7bf317cf3d3b]
/tools/2025.2/Vivado/lib/lnx64.o/libxv_common.so(+0x42fc24) [0x7bf31782fc24]
/tools/2025.2/Vivado/lib/lnx64.o/libxv_common.so(hdi::tcltasks::options_description::~options_description()+0xe1) [0x7bf317da9bb3]
/lib/x86_64-linux-gnu/libc.so.6(+0x47a76) [0x7bf30c247a76]
/lib/x86_64-linux-gnu/libc.so.6(+0x47bbe) [0x7bf30c247bbe]
/tools/2025.2/Vivado/tps/lnx64/jre21.0.5_11/lib//server/libjvm.so(+0xd12f09) [0x7bf2cc512f09]
/tools/2025.2/Vivado/tps/lnx64/jre21.0.5_11/lib//server/libjvm.so(+0x91064f) [0x7bf2cc11064f]
/tools/2025.2/Vivado/tps/lnx64/jre21.0.5_11/lib//server/libjvm.so(+0x1012267) [0x7bf2cc812267]
/tools/2025.2/Vivado/tps/lnx64/jre21.0.5_11/lib//server/libjvm.so(+0x10156df) [0x7bf2cc8156df]
/tools/2025.2/Vivado/tps/lnx64/jre21.0.5_11/lib//server/libjvm.so(+0x1016467) [0x7bf2cc816467]
/tools/2025.2/Vivado/tps/lnx64/jre21.0.5_11/lib//server/libjvm.so(+0x1016767) [0x7bf2cc816767]
/tools/2025.2/Vivado/tps/lnx64/jre21.0.5_11/lib//server/libjvm.so(+0xf7eeb8) [0x7bf2cc77eeb8]
/tools/2025.2/Vivado/tps/lnx64/jre21.0.5_11/lib//server/libjvm.so(+0xd08a8a) [0x7bf2cc508a8a]
/lib/x86_64-linux-gnu/libc.so.6(+0x9cb84) [0x7bf30c29cb84]
/lib/x86_64-linux-gnu/libc.so.6(+0x129ecc) [0x7bf30c329ecc]
