#
# An unexpected error has occurred (6) Aborted
#
Stack:
/lib/x86_64-linux-gnu/libc.so.6(+0x45330) [0x745677845330]
/lib/x86_64-linux-gnu/libc.so.6(pthread_kill+0x11c) [0x74567789ec0c]
/lib/x86_64-linux-gnu/libc.so.6(gsignal+0x1e) [0x74567784527e]
/lib/x86_64-linux-gnu/libc.so.6(abort+0xdf) [0x7456778288ff]
/tools/2025.2/Vivado/lib/lnx64.o/Ubuntu/24/libstdc++.so.6(+0xa5ff5) [0x7456780a5ff5]
/tools/2025.2/Vivado/lib/lnx64.o/Ubuntu/24/libstdc++.so.6(+0xbb0da) [0x7456780bb0da]
/tools/2025.2/Vivado/lib/lnx64.o/Ubuntu/24/libstdc++.so.6(_ZSt10unexpectedv+0) [0x7456780a5a55]
/tools/2025.2/Vivado/lib/lnx64.o/libxv_common.so(hdi::tcltasks::detail::collection_wrapper_base::~collection_wrapper_base()+0x27f) [0x745682fff6f5]
/tools/2025.2/Vivado/lib/lnx64.o/libxv_common.so(+0x7118d5) [0x7456831118d5]
/tools/2025.2/Vivado/lib/lnx64.o/libxv_common.so(hdi::tcltasks::detail::collection_wrapper_base::decr_ref() const+0x27) [0x745682ffc7db]
/tools/2025.2/Vivado/lib/lnx64.o/libxv_tcltasks.so(+0x1109c78) [0x745671709c78]
/tools/2025.2/Vivado/lib/lnx64.o/libxv_tcltasks.so(+0x1104212) [0x745671704212]
/tools/2025.2/Vivado/lib/lnx64.o/libxv_tcltasks.so(+0x1104261) [0x745671704261]
/tools/2025.2/Vivado/lib/lnx64.o/libboost_program_options.so.1.72.0(boost::program_options::option_description::~option_description()+0xd1) [0x7456825ccbe1]
/tools/2025.2/Vivado/lib/lnx64.o/libboost_program_options.so.1.72.0(boost::program_options::option_description::~option_description()+0x11) [0x7456825ccc31]
/tools/2025.2/Vivado/lib/lnx64.o/libxv_common.so(boost::detail::sp_counted_impl_p<boost::program_options::option_description>::dispose()+0x13) [0x7456832f3d3b]
/tools/2025.2/Vivado/lib/lnx64.o/libxv_common.so(+0x42fc24) [0x745682e2fc24]
/tools/2025.2/Vivado/lib/lnx64.o/libxv_common.so(hdi::tcltasks::options_description::~options_description()+0xe1) [0x7456833a9bb3]
/lib/x86_64-linux-gnu/libc.so.6(+0x47a76) [0x745677847a76]
/lib/x86_64-linux-gnu/libc.so.6(+0x47bbe) [0x745677847bbe]
/tools/2025.2/Vivado/tps/lnx64/jre21.0.5_11/lib//server/libjvm.so(+0xd12f09) [0x745637b12f09]
/tools/2025.2/Vivado/tps/lnx64/jre21.0.5_11/lib//server/libjvm.so(+0x91064f) [0x74563771064f]
/tools/2025.2/Vivado/tps/lnx64/jre21.0.5_11/lib//server/libjvm.so(+0x1012267) [0x745637e12267]
/tools/2025.2/Vivado/tps/lnx64/jre21.0.5_11/lib//server/libjvm.so(+0x10156df) [0x745637e156df]
/tools/2025.2/Vivado/tps/lnx64/jre21.0.5_11/lib//server/libjvm.so(+0x1016467) [0x745637e16467]
/tools/2025.2/Vivado/tps/lnx64/jre21.0.5_11/lib//server/libjvm.so(+0x1016767) [0x745637e16767]
/tools/2025.2/Vivado/tps/lnx64/jre21.0.5_11/lib//server/libjvm.so(+0xf7eeb8) [0x745637d7eeb8]
/tools/2025.2/Vivado/tps/lnx64/jre21.0.5_11/lib//server/libjvm.so(+0xd08a8a) [0x745637b08a8a]
/lib/x86_64-linux-gnu/libc.so.6(+0x9cb84) [0x74567789cb84]
/lib/x86_64-linux-gnu/libc.so.6(+0x129ecc) [0x745677929ecc]
