#-----------------------------------------------------------
# Vivado v2025.2 (64-bit)
# SW Build 6299465 on Fri Nov 14 12:34:56 MST 2025
# IP Build 6300035 on Fri Nov 14 10:48:45 MST 2025
# SharedData Build 6298862 on Thu Nov 13 04:50:51 MST 2025
# Start of session at: Wed Sep 30 18:08:47 2026
# Process ID         : 19755
# Current directory  : /home/fariha/Desktop/async_fifo_design/sim
# Command line       : vivado -mode gui -source build_vivado.tcl
# Log file           : /home/fariha/Desktop/async_fifo_design/sim/vivado.log
# Journal file       : /home/fariha/Desktop/async_fifo_design/sim/vivado.jou
# Running On         : vlsi-vivado
# Platform           : Ubuntu
# Operating System   : Ubuntu 24.04.4 LTS
# Processor Detail   : Intel(R) Core(TM) i5-10400 CPU @ 2.90GHz
# CPU Frequency      : 4006.927 MHz
# CPU Physical cores : 6
# CPU Logical cores  : 12
# Host memory        : 41875 MB
# Swap memory        : 27648 MB
# Total Virtual      : 69524 MB
# Available Virtual  : 67335 MB
#-----------------------------------------------------------
start_gui
WARNING: [Board 49-26] cannot add Board Part xilinx.com:kc705:part0:1.6 available at /tools/2025.2/data/xhub/boards/XilinxBoardStore/boards/Xilinx/kc705/1.6/board.xml as part xc7k325tffg900-2 specified in board_part file is either invalid or not available
WARNING: [Board 49-26] cannot add Board Part xilinx.com:kc705:part0:1.7 available at /tools/2025.2/data/xhub/boards/XilinxBoardStore/boards/Xilinx/kc705/1.7/board.xml as part xc7k325tffg900-2 specified in board_part file is either invalid or not available
WARNING: [Board 49-26] cannot add Board Part xilinx.com:kcu105:part0:1.6 available at /tools/2025.2/data/xhub/boards/XilinxBoardStore/boards/Xilinx/kcu105/1.6/board.xml as part xcku040-ffva1156-2-e specified in board_part file is either invalid or not available
WARNING: [Board 49-26] cannot add Board Part xilinx.com:kcu105:part0:1.7 available at /tools/2025.2/data/xhub/boards/XilinxBoardStore/boards/Xilinx/kcu105/1.7/board.xml as part xcku040-ffva1156-2-e specified in board_part file is either invalid or not available
WARNING: [Board 49-26] cannot add Board Part xilinx.com:vc707:part0:1.4 available at /tools/2025.2/data/xhub/boards/XilinxBoardStore/boards/Xilinx/vc707/1.4/board.xml as part xc7vx485tffg1761-2 specified in board_part file is either invalid or not available
WARNING: [Board 49-26] cannot add Board Part xilinx.com:vc707:part0:1.5 available at /tools/2025.2/data/xhub/boards/XilinxBoardStore/boards/Xilinx/vc707/1.5/board.xml as part xc7vx485tffg1761-2 specified in board_part file is either invalid or not available
WARNING: [Board 49-26] cannot add Board Part xilinx.com:vc709:part0:1.8 available at /tools/2025.2/data/xhub/boards/XilinxBoardStore/boards/Xilinx/vc709/1.8/board.xml as part xc7vx690tffg1761-2 specified in board_part file is either invalid or not available
WARNING: [Board 49-26] cannot add Board Part xilinx.com:vcu108:part0:1.6 available at /tools/2025.2/data/xhub/boards/XilinxBoardStore/boards/Xilinx/vcu108/1.6/board.xml as part xcvu095-ffva2104-2-e specified in board_part file is either invalid or not available
WARNING: [Board 49-26] cannot add Board Part xilinx.com:vcu108:part0:1.7 available at /tools/2025.2/data/xhub/boards/XilinxBoardStore/boards/Xilinx/vcu108/1.7/board.xml as part xcvu095-ffva2104-2-e specified in board_part file is either invalid or not available
WARNING: [Board 49-26] cannot add Board Part xilinx.com:vcu110:part0:1.4 available at /tools/2025.2/data/xhub/boards/XilinxBoardStore/boards/Xilinx/vcu110/1.4/board.xml as part xcvu190-flgc2104-2-e specified in board_part file is either invalid or not available
WARNING: [Board 49-26] cannot add Board Part xilinx.com:vcu129:part0:1.0 available at /tools/2025.2/data/xhub/boards/XilinxBoardStore/boards/Xilinx/vcu129/production/1.0/board.xml as part xcvu29p-fsga2577-2l-e specified in board_part file is either invalid or not available
WARNING: [Board 49-26] cannot add Board Part xilinx.com:vek280:part0:1.0 available at /tools/2025.2/data/xhub/boards/XilinxBoardStore/boards/Xilinx/vek280/production/1.0/board.xml as part xcve2802-vsvh1760-2mp-e-s specified in board_part file is either invalid or not available
WARNING: [Board 49-26] cannot add Board Part xilinx.com:vek280:part0:1.1 available at /tools/2025.2/data/xhub/boards/XilinxBoardStore/boards/Xilinx/vek280/production/1.1/board.xml as part xcve2802-vsvh1760-2mp-e-s specified in board_part file is either invalid or not available
WARNING: [Board 49-26] cannot add Board Part xilinx.com:vek280:part0:1.2 available at /tools/2025.2/data/xhub/boards/XilinxBoardStore/boards/Xilinx/vek280/production/1.2/board.xml as part xcve2802-vsvh1760-2mp-e-s specified in board_part file is either invalid or not available
WARNING: [Board 49-26] cannot add Board Part xilinx.com:vek385:part0:1.0 available at /tools/2025.2/data/xhub/boards/XilinxBoardStore/boards/Xilinx/vek385/1.0/board.xml as part xc2ve3858-ssva2112-2mp-e-s specified in board_part file is either invalid or not available
WARNING: [Board 49-26] cannot add Board Part xilinx.com:vek385:part0:1.1 available at /tools/2025.2/data/xhub/boards/XilinxBoardStore/boards/Xilinx/vek385/1.1/board.xml as part xc2ve3858-ssva2112-2mp-e-s specified in board_part file is either invalid or not available
WARNING: [Board 49-26] cannot add Board Part xilinx.com:vek385_1:part0:1.0 available at /tools/2025.2/data/xhub/boards/XilinxBoardStore/boards/Xilinx/vek385_2/1.0/board.xml as part xc2ve3858-ssva2112-2mp-e-s specified in board_part file is either invalid or not available
WARNING: [Board 49-26] cannot add Board Part xilinx.com:vermeo_t1_rfsoc:part0:1.0 available at /tools/2025.2/data/xhub/boards/XilinxBoardStore/boards/Xilinx/vermeo_t1_rfsoc/1.0/board.xml as part xczu21dr-ffvd1156-2l-e specified in board_part file is either invalid or not available
WARNING: [Board 49-26] cannot add Board Part xilinx.com:vhk158:part0:1.0 available at /tools/2025.2/data/xhub/boards/XilinxBoardStore/boards/Xilinx/vhk158/production/1.0/board.xml as part xcvh1582-vsva3697-2mp-e-s specified in board_part file is either invalid or not available
WARNING: [Board 49-26] cannot add Board Part xilinx.com:vhk158:part0:1.1 available at /tools/2025.2/data/xhub/boards/XilinxBoardStore/boards/Xilinx/vhk158/production/1.1/board.xml as part xcvh1582-vsva3697-2mp-e-s specified in board_part file is either invalid or not available
WARNING: [Board 49-26] cannot add Board Part xilinx.com:vhk158:part0:1.2 available at /tools/2025.2/data/xhub/boards/XilinxBoardStore/boards/Xilinx/vhk158/production/1.2/board.xml as part xcvh1582-vsva3697-2mp-e-s specified in board_part file is either invalid or not available
WARNING: [Board 49-26] cannot add Board Part xilinx.com:vpk180:part0:1.0 available at /tools/2025.2/data/xhub/boards/XilinxBoardStore/boards/Xilinx/vpk180/production/1.0/board.xml as part xcvp1802-lsvc4072-2mp-e-s specified in board_part file is either invalid or not available
WARNING: [Board 49-26] cannot add Board Part xilinx.com:vpk180:part0:1.1 available at /tools/2025.2/data/xhub/boards/XilinxBoardStore/boards/Xilinx/vpk180/production/1.1/board.xml as part xcvp1802-lsvc4072-2mp-e-s specified in board_part file is either invalid or not available
WARNING: [Board 49-26] cannot add Board Part xilinx.com:vpk180:part0:1.2 available at /tools/2025.2/data/xhub/boards/XilinxBoardStore/boards/Xilinx/vpk180/production/1.2/board.xml as part xcvp1802-lsvc4072-2mp-e-s specified in board_part file is either invalid or not available
WARNING: [Board 49-26] cannot add Board Part xilinx.com:vrk160:part0:1.0 available at /tools/2025.2/data/xhub/boards/XilinxBoardStore/boards/Xilinx/vrk160/1.0/board.xml as part xcvr1602-vsva2488-2mp-e-s-es1 specified in board_part file is either invalid or not available
WARNING: [Board 49-26] cannot add Board Part xilinx.com:vrk160:part0:1.1 available at /tools/2025.2/data/xhub/boards/XilinxBoardStore/boards/Xilinx/vrk160/1.1/board.xml as part xcvr1602-vsva2488-2mp-e-s-es1 specified in board_part file is either invalid or not available
WARNING: [Board 49-26] cannot add Board Part xilinx.com:zcu111:part0:1.2 available at /tools/2025.2/data/xhub/boards/XilinxBoardStore/boards/Xilinx/zcu111/1.2/board.xml as part xczu28dr-ffvg1517-2-e specified in board_part file is either invalid or not available
WARNING: [Board 49-26] cannot add Board Part xilinx.com:zcu111:part0:1.3 available at /tools/2025.2/data/xhub/boards/XilinxBoardStore/boards/Xilinx/zcu111/1.3/board.xml as part xczu28dr-ffvg1517-2-e specified in board_part file is either invalid or not available
WARNING: [Board 49-26] cannot add Board Part xilinx.com:zcu111:part0:1.4 available at /tools/2025.2/data/xhub/boards/XilinxBoardStore/boards/Xilinx/zcu111/1.4/board.xml as part xczu28dr-ffvg1517-2-e specified in board_part file is either invalid or not available
WARNING: [Board 49-26] cannot add Board Part xilinx.com:zcu1275:part0:1.0 available at /tools/2025.2/data/xhub/boards/XilinxBoardStore/boards/Xilinx/zcu1275/1.0/board.xml as part xczu29dr-ffvf1760-2-e specified in board_part file is either invalid or not available
WARNING: [Board 49-26] cannot add Board Part xilinx.com:zcu1285:part0:1.0 available at /tools/2025.2/data/xhub/boards/XilinxBoardStore/boards/Xilinx/zcu1285/1.0/board.xml as part xczu39dr-ffvf1760-2-i specified in board_part file is either invalid or not available
WARNING: [Board 49-26] cannot add Board Part xilinx.com:zcu208:part0:2.0 available at /tools/2025.2/data/xhub/boards/XilinxBoardStore/boards/Xilinx/zcu208/production/2.0/board.xml as part xczu48dr-fsvg1517-2-e specified in board_part file is either invalid or not available
WARNING: [Board 49-26] cannot add Board Part xilinx.com:zcu208ld:part0:2.0 available at /tools/2025.2/data/xhub/boards/XilinxBoardStore/boards/Xilinx/zcu208ld/production/2.0/board.xml as part xczu58dr-fsvg1517-2-i specified in board_part file is either invalid or not available
WARNING: [Board 49-26] cannot add Board Part xilinx.com:zcu216:part0:2.0 available at /tools/2025.2/data/xhub/boards/XilinxBoardStore/boards/Xilinx/zcu216/production/2.0/board.xml as part xczu49dr-ffvf1760-2-e specified in board_part file is either invalid or not available
WARNING: [Board 49-26] cannot add Board Part xilinx.com:zcu216ld:part0:2.0 available at /tools/2025.2/data/xhub/boards/XilinxBoardStore/boards/Xilinx/zcu216ld/production/2.0/board.xml as part xczu59dr-ffvf1760-2-i specified in board_part file is either invalid or not available
WARNING: [Board 49-26] cannot add Board Part xilinx.com:zcu670:part0:2.0 available at /tools/2025.2/data/xhub/boards/XilinxBoardStore/boards/Xilinx/zcu670/2.0/board.xml as part xczu67dr-fsve1156-2-i specified in board_part file is either invalid or not available
WARNING: [Board 49-26] cannot add Board Part xilinx.com:zcu670ld:part0:1.0 available at /tools/2025.2/data/xhub/boards/XilinxBoardStore/boards/Xilinx/zcu670ld/1.0/board.xml as part xczu57dr-fsve1156-2-i specified in board_part file is either invalid or not available
source build_vivado.tcl
# create_project async_fifo_proj ./vivado_proj -part xc7a35tcpg236-1 -force
INFO: [IP_Flow 19-234] Refreshing IP repositories
INFO: [IP_Flow 19-1704] No user IP repositories specified
INFO: [IP_Flow 19-2313] Loaded Vivado IP repository '/tools/2025.2/data/ip'.
create_project: Time (s): cpu = 00:00:08 ; elapsed = 00:00:06 . Memory (MB): peak = 10036.469 ; gain = 179.754 ; free physical = 34680 ; free virtual = 63449
# add_files -fileset sources_1 ../rtl/async_fifo.sv
# add_files -fileset sim_1 ../tb/async_fifo_tb.sv
# set_property top async_fifo [current_fileset]
# set_property top async_fifo_tb [get_filesets sim_1]
# synth_design -rtl -name rtl_1
Command: synth_design -rtl -name rtl_1
Starting synth_design
Using part: xc7a35tcpg236-1
Top: async_fifo
INFO: [Device 21-403] Loading part xc7a35tcpg236-1
INFO: [Synth 8-7079] Multithreading enabled for synth_design using a maximum of 7 processes.
INFO: [Synth 8-7078] Launching helper process for spawning children vivado processes
INFO: [Synth 8-7075] Helper process launched with PID 20188
---------------------------------------------------------------------------------
Starting RTL Elaboration : Time (s): cpu = 00:00:04 ; elapsed = 00:00:04 . Memory (MB): peak = 10621.648 ; gain = 482.648 ; free physical = 33746 ; free virtual = 62561
---------------------------------------------------------------------------------
INFO: [Synth 8-6157] synthesizing module 'async_fifo' [/home/fariha/Desktop/async_fifo_design/rtl/async_fifo.sv:3]
INFO: [Synth 8-6155] done synthesizing module 'async_fifo' (0#1) [/home/fariha/Desktop/async_fifo_design/rtl/async_fifo.sv:3]
---------------------------------------------------------------------------------
Finished RTL Elaboration : Time (s): cpu = 00:00:05 ; elapsed = 00:00:05 . Memory (MB): peak = 10727.742 ; gain = 588.742 ; free physical = 33627 ; free virtual = 62444
---------------------------------------------------------------------------------
---------------------------------------------------------------------------------
Start Handling Custom Attributes
---------------------------------------------------------------------------------
---------------------------------------------------------------------------------
Finished Handling Custom Attributes : Time (s): cpu = 00:00:05 ; elapsed = 00:00:05 . Memory (MB): peak = 10727.742 ; gain = 588.742 ; free physical = 33627 ; free virtual = 62444
---------------------------------------------------------------------------------
---------------------------------------------------------------------------------
Finished RTL Optimization Phase 1 : Time (s): cpu = 00:00:05 ; elapsed = 00:00:05 . Memory (MB): peak = 10727.742 ; gain = 588.742 ; free physical = 33627 ; free virtual = 62444
---------------------------------------------------------------------------------
Netlist sorting complete. Time (s): cpu = 00:00:00 ; elapsed = 00:00:00 . Memory (MB): peak = 10727.750 ; gain = 0.000 ; free physical = 33627 ; free virtual = 62444
INFO: [Project 1-570] Preparing netlist for logic optimization

Processing XDC Constraints
Initializing timing engine
Completed Processing XDC Constraints

INFO: [Opt 31-138] Pushed 0 inverter(s) to 0 load pin(s).
Netlist sorting complete. Time (s): cpu = 00:00:00 ; elapsed = 00:00:00 . Memory (MB): peak = 10836.211 ; gain = 0.000 ; free physical = 33773 ; free virtual = 62605
INFO: [Project 1-111] Unisim Transformation Summary:
No Unisim elements were transformed.

RTL Elaboration Complete:  : Time (s): cpu = 00:00:16 ; elapsed = 00:00:10 . Memory (MB): peak = 10993.121 ; gain = 854.121 ; free physical = 33576 ; free virtual = 62417
9 Infos, 0 Warnings, 0 Critical Warnings and 0 Errors encountered.
synth_design completed successfully
synth_design: Time (s): cpu = 00:00:19 ; elapsed = 00:00:14 . Memory (MB): peak = 10993.121 ; gain = 956.652 ; free physical = 33576 ; free virtual = 62417
INFO: [Common 17-2834] synth_design peak Physical Memory [PSS] (MB): overall = 2442.427; main = 2442.427; forked = 0.000
INFO: [Common 17-2834] synth_design peak Virtual Memory [VSS] (MB): overall = 10987.094; main = 10987.094; forked = 0.000
# show_schematic [get_cells -hierarchical]
update_compile_order -fileset sources_1
launch_simulation
Command: launch_simulation 
INFO: [Vivado 12-25911] Executing simulation for 'XSim' simulator
INFO: [Project 1-5737] Running on host vlsi-vivado (64) - Ubuntu 24.04.4 LTS
INFO: [Vivado 12-28535] Process started - Wed Sep 30 18:11:37 2026

INFO: [Vivado 12-12493] Simulation top is 'async_fifo_tb'
INFO: [Vivado 12-5682] Launching behavioral simulation in '/home/fariha/Desktop/async_fifo_design/sim/vivado_proj/async_fifo_proj.sim/sim_1/behav/xsim'
INFO: [SIM-utils-51] Simulation object is 'sim_1'
INFO: [SIM-utils-72] Using boost library from '/tools/2025.2/tps/boost_1_72_0'
INFO: [SIM-utils-54] Inspecting design source files for 'async_fifo_tb' in fileset 'sim_1'...
INFO: [USF-XSim-97] Finding global include files...
INFO: [USF-XSim-98] Fetching design files from 'sim_1'...
INFO: [USF-XSim-2] XSim::Compile design
INFO: [USF-XSim-61] Executing 'COMPILE and ANALYZE' step in '/home/fariha/Desktop/async_fifo_design/sim/vivado_proj/async_fifo_proj.sim/sim_1/behav/xsim'
xvlog --incr --relax -L uvm -prj async_fifo_tb_vlog.prj
INFO: [VRFC 10-2263] Analyzing SystemVerilog file "/home/fariha/Desktop/async_fifo_design/rtl/async_fifo.sv" into library xil_defaultlib
INFO: [VRFC 10-311] analyzing module async_fifo
INFO: [VRFC 10-2263] Analyzing SystemVerilog file "/home/fariha/Desktop/async_fifo_design/tb/async_fifo_tb.sv" into library xil_defaultlib
INFO: [VRFC 10-311] analyzing module async_fifo_tb
INFO: [VRFC 10-2263] Analyzing Verilog file "/home/fariha/Desktop/async_fifo_design/sim/vivado_proj/async_fifo_proj.sim/sim_1/behav/xsim/glbl.v" into library xil_defaultlib
INFO: [VRFC 10-311] analyzing module glbl
Waiting for jobs to finish...
No pending jobs, compilation finished.
INFO: [USF-XSim-69] 'compile' step finished in '2' seconds
INFO: [USF-XSim-3] XSim::Elaborate design
INFO: [USF-XSim-61] Executing 'ELABORATE' step in '/home/fariha/Desktop/async_fifo_design/sim/vivado_proj/async_fifo_proj.sim/sim_1/behav/xsim'
xelab --incr --debug typical --relax --mt 8 -L xil_defaultlib -L uvm -L unisims_ver -L unimacro_ver -L secureip --snapshot async_fifo_tb_behav xil_defaultlib.async_fifo_tb xil_defaultlib.glbl -log elaborate.log
Vivado Simulator v2025.2
Copyright 1986-2022 Xilinx, Inc. All Rights Reserved.
Copyright 2022-2025 Advanced Micro Devices, Inc. All Rights Reserved.
Running: /tools/2025.2/Vivado/bin/unwrapped/lnx64.o/xelab --incr --debug typical --relax --mt 8 -L xil_defaultlib -L uvm -L unisims_ver -L unimacro_ver -L secureip --snapshot async_fifo_tb_behav xil_defaultlib.async_fifo_tb xil_defaultlib.glbl -log elaborate.log 
Using 8 slave threads.
WARNING: [XSIM 43-3431] One or more environment variables have been detected which affect the operation of the C compiler. These are typically not set in standard installations and are not tested by AMD, however they may be appropriate for your system, so the flow will attempt to continue.  If errors occur, try running xelab with the "-mt off -v 1" switches to see more information from the C compiler. The following environment variables have been detected:
    LIBRARY_PATH
Starting static elaboration
Pass Through NonSizing Optimizer
Completed static elaboration
Starting simulation data flow analysis
Completed simulation data flow analysis
Time Resolution for simulation is 1ps
Compiling module xil_defaultlib.async_fifo_default
Compiling module xil_defaultlib.async_fifo(DATA_WIDTH=8,FIFO_DEP...
Compiling module xil_defaultlib.async_fifo_tb
Compiling module xil_defaultlib.glbl
Built simulation snapshot async_fifo_tb_behav
INFO: [USF-XSim-69] 'elaborate' step finished in '2' seconds
INFO: [USF-XSim-4] XSim::Simulate design
INFO: [USF-XSim-61] Executing 'SIMULATE' step in '/home/fariha/Desktop/async_fifo_design/sim/vivado_proj/async_fifo_proj.sim/sim_1/behav/xsim'
INFO: [USF-XSim-98] *** Running xsim
   with args "async_fifo_tb_behav -key {Behavioral:sim_1:Functional:async_fifo_tb} -tclbatch {async_fifo_tb.tcl} -log {simulate.log}"
INFO: [USF-XSim-8] Loading simulator feature
Time resolution is 1 ps
source async_fifo_tb.tcl
# set curr_wave [current_wave_config]
# if { [string length $curr_wave] == 0 } {
#   if { [llength [get_objects]] > 0} {
#     add_wave /
#     set_property needs_save false [current_wave_config]
#   } else {
#      send_msg_id Add_Wave-1 WARNING "No top level signals found. Simulator will start without a wave window. If you want to open a wave window go to 'File->New Waveform Configuration' or type 'create_wave_config' in the TCL console."
#   }
# }
# run 1000ns
========================================================================================
              ASYNCHRONOUS FIFO SELF-CHECKING VERIFICATION REPORT                       
              Default Config: DATA_WIDTH = 32, FIFO_DEPTH = 16                        
========================================================================================

----------------------------------------------------------------------------------------
 >>> TEST 1: Shared Asynchronous Reset (arst_n) Assertion & Deassertion [Req 1]
----------------------------------------------------------------------------------------
[               38000 ns] |          Reset Asserted: full flag | Exp:          0 | Eval:          0 | [PASS]
[               38000 ns] |         Reset Asserted: empty flag | Exp:          1 | Eval:          1 | [PASS]
[               38000 ns] |           Reset Asserted: wbin ptr | Exp:          0 | Eval:          0 | [PASS]
[               38000 ns] |           Reset Asserted: rbin ptr | Exp:          0 | Eval:          0 | [PASS]
[               57000 ns] |          Reset Released: full flag | Exp:          0 | Eval:          0 | [PASS]
[               57000 ns] |         Reset Released: empty flag | Exp:          1 | Eval:          1 | [PASS]

----------------------------------------------------------------------------------------
 >>> TEST 2: Extreme Bit Patterns (All-0, All-1, Checkerboard) [Req 2 & 5]
----------------------------------------------------------------------------------------
[               76000 ns] | WRITE Transaction                  | Data Written: 0x00000000 | wbin= 1, full=0
[               86000 ns] | WRITE Transaction                  | Data Written: 0xffffffff | wbin= 2, full=0
[               96000 ns] | WRITE Transaction                  | Data Written: 0xaaaa5555 | wbin= 3, full=0
[              106000 ns] | WRITE Transaction                  | Data Written: 0x5555aaaa | wbin= 4, full=0
[              153000 ns] |         After 4 Writes: empty flag | Exp:          0 | Eval:          0 | [PASS]
[              153000 ns] |         Read Pattern 1 (All Zeros) | Exp: 0x00000000 | Eval: 0x00000000 | [PASS]
[              169000 ns] |          Read Pattern 2 (All Ones) | Exp: 0xffffffff | Eval: 0xffffffff | [PASS]
[              185000 ns] |        Read Pattern 3 (0xAAAA5555) | Exp: 0xaaaa5555 | Eval: 0xaaaa5555 | [PASS]
[              201000 ns] |        Read Pattern 4 (0x5555AAAA) | Exp: 0x5555aaaa | Eval: 0x5555aaaa | [PASS]
[              217000 ns] |          After 4 Reads: empty flag | Exp:          1 | Eval:          1 | [PASS]

----------------------------------------------------------------------------------------
 >>> TEST 3: Continuous Burst Write to Full (16 Words) & Overflow Block [Req 2]
----------------------------------------------------------------------------------------
[              416000 ns] |         After 16 Writes: full flag | Exp:          1 | Eval:          1 | [PASS]
[              416000 ns] |         After 16 Writes: Occupancy | Exp:         16 | Eval:         16 | [PASS]
[              456000 ns] |   Overflow Blocked: wbin unchanged | Exp:         20 | Eval:         20 | [PASS]

----------------------------------------------------------------------------------------
 >>> TEST 4: Drain all 16 Words to Empty & Underflow Block [Req 2]
----------------------------------------------------------------------------------------
[              505000 ns] |                Burst Read Word [0] | Exp: 0xa0000000 | Eval: 0xa0000000 | [PASS]
[              521000 ns] |                Burst Read Word [1] | Exp: 0xa0000001 | Eval: 0xa0000001 | [PASS]
[              729000 ns] |               Burst Read Word [14] | Exp: 0xa000000e | Eval: 0xa000000e | [PASS]
[              745000 ns] |               Burst Read Word [15] | Exp: 0xa000000f | Eval: 0xa000000f | [PASS]
[              761000 ns] |         After 16 Reads: empty flag | Exp:          1 | Eval:          1 | [PASS]
[              761000 ns] |       After 16 Reads: rbin == wbin | Exp:         20 | Eval:         20 | [PASS]
[              825000 ns] |  Underflow Blocked: rbin unchanged | Exp:         20 | Eval:         20 | [PASS]

----------------------------------------------------------------------------------------
 >>> TEST 5: Corner Caÿÿÿâÿ” Simultaneous Read & Write While EMPTY [Req 2 & 3]
----------------------------------------------------------------------------------------
[              889000 ns] |   Simul R/W at Empty: Read Blocked | Exp:         20 | Eval:         20 | [PASS]
[              937000 ns] |   Simul R/W at Empty: Written Data | Exp: 0xcafe0001 | Eval: 0xcafe0001 | [PASS]

----------------------------------------------------------------------------------------
 >>> TEST 6: Corner Case ÿÿ” Simultaneous Read & Write While FULL [Req 2 & 3]
----------------------------------------------------------------------------------------
xsim: Time (s): cpu = 00:00:04 ; elapsed = 00:00:07 . Memory (MB): peak = 11090.609 ; gain = 84.148 ; free physical = 33562 ; free virtual = 62406
INFO: [USF-XSim-96] XSim completed. Design snapshot 'async_fifo_tb_behav' loaded.
INFO: [USF-XSim-97] XSim simulation ran for 1000ns
launch_simulation: Time (s): cpu = 00:00:09 ; elapsed = 00:00:12 . Memory (MB): peak = 11090.609 ; gain = 89.574 ; free physical = 33562 ; free virtual = 62406
